"Test output"
